---
title: MySQL的SQL详解
date: 2022-06-11 16:37:35
category: 
  - Mysql
tag: 
  - Mysql
permalink: /pages/972c8f/
---
# MySQL的SQL详解

全称 Structured Query Language，结构化查询语言。操作关系型数据库的编程语言，定义了一套操作关系型数据库统一**标准** 。

## SQL通用语法 

在学习具体的SQL语句之前，先来了解一下SQL语言的同于语法。

1). SQL语句可以单行或多行书写，以分号结尾。

2). SQL语句可以使用空格/缩进来增强语句的可读性。

3). MySQL数据库的SQL语句不区分大小写，关键字建议使用大写。

4). 注释：

> 单行注释：\-- 注释内容 或 \# 注释内容
>
> 多行注释：/\* 注释内容 \*/



## SQL分类 

SQL语句，根据其功能，主要分为四类：DDL、DML、DQL、DCL。

| **分类** | **全称**                            | **说明**                                               |
| -------- | ----------------------------------- | ------------------------------------------------------ |
| **DDL**  | **Data Definition**  **Language**   | 数据定义语言，用来定义数据库对象(数据库，表，字段)     |
| **DML**  | **Data Manipulation**  **Language** | 数据操作语言，用来对数据库表中的数据进行增删改         |
| **DQL**  | **Data Query Language**             | 数据查询语言，用来查询数据库中表的记录                 |
| **DCL**  | **Data Control Language**           | 数据控制语言，用来创建数据库用户、控制数据库的访问权限 |



## DDL 

Data Definition Language，数据定义语言，用来定义数据库对象(数据库，表，字段) 。

### 数据库操作 

**1). 查询所有数据库**

```sql
show databases;
```

![image-20220610002729778](https://pic1.xuehuaimg.com/proxy/raw.githubusercontent.com/isicman/image/main/img/202206100802485.png)



**2). 查询当前数据库**

```sql
select database();
```



**3). 创建数据库**

```sql
create database [if not exists] 数据库名 [default charset 字符集] [collate 排序规则];
```



案例：

A.  创建一个itcast数据库, 使用数据库默认的字符集。

```sql
MariaDB [(none)]> create database idtest;
Query OK, 1 row affected (0.000 sec)

MariaDB [(none)]> show databases;
+--------------------+
| Database           |
+--------------------+
| idtest             |
| information_schema |
| mysql              |
| performance_schema |
| test               |
+--------------------+
5 rows in set (0.000 sec)
```

在同一个数据库服务器中，不能创建两个名称相同的数据库，否则将会报错。

可以通过if not exists 参数来解决这个问题，数据库不存在, 则创建该数据库，如果存在，则不创建。

```sql
ariaDB [(none)]> create database if not exists idtest;
Query OK, 0 rows affected, 1 warning (0.000 sec)
```



B.  创建一个itheima数据库，并且指定字符集

```sql
MariaDB [(none)]> create database itheima default charset utf8mb4;
Query OK, 1 row affected (0.000 sec)
```



**4). 删除数据库**

```sql
drop database [if exists] 数据库名;
```

如果删除一个不存在的数据库，将会报错。此时，可以加上参数 if exists ，如果数据库存在，再执行删除，否则不执行删除。

```sql
MariaDB [(none)]> drop database test;
ERROR 1008 (HY000): Can't drop database 'test'; database doesn't exist

MariaDB [(none)]> drop database if exists test;
Query OK, 0 rows affected, 1 warning (0.000 sec)
```



**5). 切换数据库**

```sql
use 数据库名；
```

我们要操作某一个数据库下的表时，就需要通过该指令，切换到对应的数据库下，否则是不能操作的。

比如，切换到itcast数据，执行如下SQL：

```sql
MariaDB [(none)]> use idtest;
Database changed
MariaDB [idtest]> 
```





### 表操作 

**表操作-查询创建**

**1). 查询当前数据库所有表**

比如,我们可以切换到mysql这个系统数据库,并查看系统数据库中的所有表结构。

```sql
MariaDB [(none)]> use mysql;
Reading table information for completion of table and column names
You can turn off this feature to get a quicker startup with -A

Database changed
MariaDB [mysql]> show tables;
+---------------------------+
| Tables_in_mysql           |
+---------------------------+
| column_stats              |
| columns_priv              |
| db                        |
| event                     |
| func                      |
| general_log               |
| gtid_slave_pos            |
| help_category             |
| plugin                    |
| proc                      |
| procs_priv                |
| transaction_registry      |
| user                      |
+---------------------------+
31 rows in set (0.000 sec)
```



**2). 查看指定表结构**

通过这条指令，我们可以查看到指定表的字段，字段的类型、是否可以为NULL，是否存在默认值等信息。

```sql
show create table tb_user;
```



**3). 查询指定表的建表语句**

```sql
create table 表名(
) [comment 表注释]
```

通过这条指令，主要是用来查看建表语句的，而有部分参数我们在创建表的时候，并未指定也会查询到，因为这部分是数据库的默认值，如：存储引擎、字符集等。



**4). 创建表结构**

> 注意: \[\...\] 内为可选参数， 后一个字段后面没有逗号

```sql
create table 表名(
    字段1 字段1类型 [comment 字段1注释],
    字段2 字段2类型 [comment 字段2注释],
    字段3 字段3类型 [comment 字段3注释],
    字段4 字段4类型 [comment 字段4注释]
)[comment 表注释];
```

比如，我们创建一张表 tb_user ，对应的结构如下，那么建表语句为：

![image-20220610090853269](https://pic1.xuehuaimg.com/proxy/raw.githubusercontent.com/isicman/image/main/img/202206100908142.png)

```sql
MariaDB [(none)]> use  test;
Database changed
MariaDB [test]> create table tb_user(
    -> id int comment '编号',
    -> name varchar(50) comment '姓名',
    -> age int comment '年龄',
    -> gender varchar(1) comment '性别'
    -> ) comment '用户表';
Query OK, 0 rows affected (0.004 sec)
```



**2.3.2.2 表操作-数据类型**

在上述的建表语句中，我们在指定字段的数据类型时，用到了int ，varchar，那么在MySQL中除了以上的数据类型，还有哪些常见的数据类型呢？ 接下来,我们就来详细介绍一下MySQL的数据类型。

MySQL中的数据类型有很多，主要分为三类：数值类型、字符串类型、日期时间类型。



1). 数值类型

| **类型**    | **大小** | **有符号(SIGNED)范围**                                    | **无符号(UNSIGNED)范围**                                     | **描述**               |
| ----------- | -------- | --------------------------------------------------------- | ------------------------------------------------------------ | ---------------------- |
| TINYINT     | 1byte    | (-128，127)                                               | (0，255)                                                     | 小整数值               |
| SMALLINT    | 2bytes   | (-32768，32767)                                           | (0，65535)                                                   | 大整数值               |
| MEDIUMINT   | 3bytes   | (-8388608，8388607)                                       | (0，16777215)                                                | 大整数值               |
| INT/INTEGER | 4bytes   | (-2147483648，  2147483647)                               | (0，4294967295)                                              | 大整数值               |
| BIGINT      | 8bytes   | (-2^63，2^63-1)                                           | (0，2^64-1)                                                  | 极大整数值             |
| FLOAT       | 4bytes   | (-3.402823466 E+38，  3.402823466351  E+38)               | 0 和  (1.175494351 E-  38，3.402823466  E+38)                | 单精度浮点数值         |
| DOUBLE      | 8bytes   | (-1.7976931348623157  E+308，  1.7976931348623157  E+308) | 0 和  (2.2250738585072014  E-308，  1.7976931348623157  E+308) | 双精度浮点数值         |
| DECIMAL     |          | 依赖于M(精度)和D(标度) 的值                               | 依赖于M(精度)和D(标度)的值                                   | 小数  值(精  确定点数) |



2). 字符串类型

| **类型**   | **大小**               | **描述**                     |
| ---------- | ---------------------- | ---------------------------- |
| CHAR       | 0-255  bytes           | 定长字符串(需要指定长度)     |
| VARCHAR    | 0-65535  bytes         | 变长字符串(需要指定长度)     |
| TINYBLOB   | 0-255  bytes           | 不超过255个字符的二进制数据  |
| TINYTEXT   | 0-255  bytes           | 短文本字符串                 |
| BLOB       | 0-65  535 bytes        | 二进制形式的长文本数据       |
| TEXT       | 0-65  535 bytes        | 长文本数据                   |
| MEDIUMBLOB | 0-16  777 215 bytes    | 二进制形式的中等长度文本数据 |
| MEDIUMTEXT | 0-16  777 215 bytes    | 中等长度文本数据             |
| LONGBLOB   | 0-4  294 967 295 bytes | 二进制形式的极大文本数据     |
| LONGTEXT   | 0-4  294 967 295 bytes | 极大文本数据                 |

char 与 varchar 都可以描述字符串，char是定长字符串，指定长度多长，就占用多少个字符，和字段值的长度无关 。而varchar是变长字符串，指定的长度为 大占用长度 。相对来说，char的性能会更高些。



3). 日期时间类型

| **类型**  | **大小** | **范围**                                      | **格式**             | **描述**                 |
| --------- | -------- | --------------------------------------------- | -------------------- | ------------------------ |
| DATE      | 3        | 1000-01-01  至 9999-12-31                     | YYYY-MM-DD           | 日期值                   |
| TIME      | 3        | -838:59:59  至 838:59:59                      | HH:MM:SS             | 时间值或持续时间         |
| YEAR      | 1        | 1901  至 2155                                 | YYYY                 | 年份值                   |
| DATETIME  | 8        | 1000-01-01  00:00:00 至  9999-12-31  23:59:59 | YYYY-MM-DD  HH:MM:SS | 混合日期和时间值         |
| TIMESTAMP | 4        | 1970-01-01  00:00:01 至  2038-01-19  03:14:07 | YYYY-MM-DD  HH:MM:SS | 混合日期和时间值，时间戳 |



**2.3.2.3 表操作-案例** 设计一张员工信息表，要求如下：

1.  编号（纯数字）

2.  员工工号 (字符串类型，长度不超过10位)

3.  员工姓名（字符串类型，长度不超过10位）

4.  性别（男/女，存储一个汉字）

5.  年龄（正常人年龄，不可能存储负数）

6.  身份证号（二代身份证号均为18位，身份证中有X这样的字符）

7.  入职时间（取值年月日即可）

对应的建表语句如下:

```sql
MariaDB [test]> create table emp(
    -> id int comment '编号',
    -> workno varchar(10) comment '工号',
    -> name varchar(10) comment '姓名',
    -> gender char(1) comment '性别',
    -> age tinyint  unsigned comment '年龄',
    -> idcard char(18) comment '身份证',
    -> entrydate date comment '入职时间'
    -> ) comment '员工表';
Query OK, 0 rows affected (0.004 sec)
```



SQL语句编写完毕之后，就可以在MySQL的命令行中执行SQL，然后也可以通过 desc 指令查询表结构信息：

```sql
MariaDB [test]> desc emp;
+-----------+---------------------+------+-----+---------+-------+
| Field     | Type                | Null | Key | Default | Extra |
+-----------+---------------------+------+-----+---------+-------+
| id        | int(11)             | YES  |     | NULL    |       |
| workno    | varchar(10)         | YES  |     | NULL    |       |
| name      | varchar(10)         | YES  |     | NULL    |       |
| gender    | char(1)             | YES  |     | NULL    |       |
| age       | tinyint(3) unsigned | YES  |     | NULL    |       |
| idcard    | char(18)            | YES  |     | NULL    |       |
| entrydate | date                | YES  |     | NULL    |       |
+-----------+---------------------+------+-----+---------+-------+
7 rows in set (0.001 sec)
```

表结构创建好了，里面的name字段是varchar类型， 大长度为10，也就意味着如果超过10将会报错，如果我们想修改这个字段的类型 或 修改字段的长度该如何操作呢？接下来再来讲解DDL语句中，如何操作表字段。



**2.3.2.4 表操作-修改**

1). 添加字段

```sql
ALTER TABLE 表名 ADD 字段名 类型（长度） [comment 注释] [约束];
```

案例:

为emp表增加一个新的字段"昵称"为nickname，类型为varchar(20)

```sql
MariaDB [test]> alter table emp add nickname varchar(20) comment '昵称';
Query OK, 0 rows affected (0.001 sec)
Records: 0  Duplicates: 0  Warnings: 0

MariaDB [test]> desc emp;
+-----------+---------------------+------+-----+---------+-------+
| Field     | Type                | Null | Key | Default | Extra |
+-----------+---------------------+------+-----+---------+-------+
| id        | int(11)             | YES  |     | NULL    |       |
| workno    | varchar(10)         | YES  |     | NULL    |       |
| name      | varchar(10)         | YES  |     | NULL    |       |
| gender    | char(1)             | YES  |     | NULL    |       |
| age       | tinyint(3) unsigned | YES  |     | NULL    |       |
| idcard    | char(18)            | YES  |     | NULL    |       |
| entrydate | date                | YES  |     | NULL    |       |
| nickname  | varchar(20)         | YES  |     | NULL    |       |
+-----------+---------------------+------+-----+---------+-------+
8 rows in set (0.001 sec)
```



2). 修改数据类型

```sql
ALTER TABLE 表名 MODIFY 字段名 新数据类型(长度);
```



3). 修改字段名和字段类型

```sql
ALTER TABLE 表名 CHANGE 旧字段名 新字段名 类型（长度） [comment 注释] [约束];
```

案例:

将emp表的nickname字段修改为username，类型为varchar(30)

```sql
MariaDB [test]> alter table emp change nickname username varchar(30) comment '昵称';
Query OK, 0 rows affected (0.002 sec)
Records: 0  Duplicates: 0  Warnings: 0
```



4). 删除字段

```sql
ALTER TABLE 表名 DROP 字段名;
```

案例:

将emp表的字段username删除

```sql
MariaDB [test]> alter table emp drop username;
Query OK, 0 rows affected (0.004 sec)
Records: 0  Duplicates: 0  Warnings: 0
```



5). 修改表名

```sql
ALTER TABLE emp RENAME TO employee;
```

例:

将emp表的表名修改为 employee

```sql
MariaDB [test]> alter table emp rename to employee;
Query OK, 0 rows affected (0.004 sec)

MariaDB [test]> show tables;
+----------------+
| Tables_in_test |
+----------------+
| employee       |
| tb_user        |
+----------------+
2 rows in set (0.000 sec)
```



**2.3.2.5 表操作-删除**

1). 删除表

```sql
DROP TABLE [IF EXISTS] 表名;
```

可选项 IF EXISTS 代表，只有表名存在时才会删除该表，表名不存在，则不执行删除操作(如果不加该参数项，删除一张不存在的表，执行将会报错)。



如果tb_user表存在，则删除tb_user表

```sql
MariaDB [test]> drop table if exists tb_user;
Query OK, 0 rows affected (0.002 sec)

// 如下是属于提示报错
MariaDB [test]> drop table if exists tb_user;
Query OK, 0 rows affected, 1 warning (0.000 sec)
```



2). 删除指定表, 并重新创建表

```sql
TRUNCATE TABLE 表名;
```



> 注意: 在删除表的时候，表中的全部数据也都会被删除。

```sql
MariaDB [test]> show tables;
+----------------+
| Tables_in_test |
+----------------+
| employee       |
+----------------+
1 row in set (0.000 sec)

MariaDB [test]> truncate table employee;
Query OK, 0 rows affected (0.006 sec)
```



### 图形化界面工具 

上述，我们已经讲解了通过DDL语句，如何操作数据库、操作表、操作表中的字段，而通过DDL语句执行在命令进行操作，主要存在以下两点问题：

1).会影响开发效率 ;

2). 使用起来，并不直观，并不方便 ；

所以呢，我们在日常的开发中，会借助于MySQL的图形化界面，来简化开发，提高开发效率。而目前 mysql主流的图形化界面工具，有以下几种：

![image-20220610101101401](https://pic1.xuehuaimg.com/proxy/raw.githubusercontent.com/isicman/image/main/img/202206101011479.png)

而本次课程中，选择 后一种DataGrip，这种图形化界面工具，功能更加强大，界面提示更加友好，是我们使用MySQL的不二之选。接下来，我们来介绍一下DataGrip该如何安装、使用。



#### 安装 

1). 找到资料中准备好的安装包，双击开始安装

![image-20220610101127986](https://pic1.xuehuaimg.com/proxy/raw.githubusercontent.com/isicman/image/main/img/202206101011822.png)

2). 点击next，一步一步的完成安装

![image-20220610101140858](https://pic1.xuehuaimg.com/proxy/raw.githubusercontent.com/isicman/image/main/img/202206101011059.png)

选择DataGrip的安装目录，然后选择下一步

![image-20220610101153743](https://pic1.xuehuaimg.com/proxy/raw.githubusercontent.com/isicman/image/main/img/202206101011403.png)

![image-20220610101207707](https://pic1.xuehuaimg.com/proxy/raw.githubusercontent.com/isicman/image/main/img/202206101012932.png)

下一步，执行安装

![image-20220610101217176](https://pic1.xuehuaimg.com/proxy/raw.githubusercontent.com/isicman/image/main/img/202206101012851.png)

![image-20220610101227427](https://pic1.xuehuaimg.com/proxy/raw.githubusercontent.com/isicman/image/main/img/202206101012573.png)

#### 使用 

1). 添加数据源

参考图示, 一步步操作即可

![image-20220610101407547](https://pic1.xuehuaimg.com/proxy/raw.githubusercontent.com/isicman/image/main/img/202206101014981.png)

配置以及驱动jar包下载完毕之后，就可以点击 \"Test Connection\" 就可以测试，是否可以连接

MySQL，如果出现 \"Successed\"，就表名连接成功了 。

![image-20220610101415281](https://pic1.xuehuaimg.com/proxy/raw.githubusercontent.com/isicman/image/main/img/202206101014267.png)

2). 展示所有数据库

连接上了MySQL服务之后，并未展示出所有的数据库，此时，我们需要设置，展示所有的数据库，具体操作如下：

![image-20220610101426405](https://pic1.xuehuaimg.com/proxy/raw.githubusercontent.com/isicman/image/main/img/202206101014406.png)

3). 创建数据库

![image-20220610101434476](https://pic1.xuehuaimg.com/proxy/raw.githubusercontent.com/isicman/image/main/img/202206101014494.png)

> 注意:
>
> 以下两种方式都可以创建数据库：

A.  create database db01;

B.  create schema db01;



4). 创建表

在指定的数据库上面右键，选择new \--\> Table

![image-20220610103824048](https://pic1.xuehuaimg.com/proxy/raw.githubusercontent.com/isicman/image/main/img/202206101038471.png)

![image-20220610103835945](https://pic1.xuehuaimg.com/proxy/raw.githubusercontent.com/isicman/image/main/img/202206101038110.png)



5). 修改表结构

在需要修改的表上，右键选择 \"Modify Table\...\"

![image-20220610103855366](https://pic1.xuehuaimg.com/proxy/raw.githubusercontent.com/isicman/image/main/img/202206101038691.png)

![image-20220610103907499](https://pic1.xuehuaimg.com/proxy/raw.githubusercontent.com/isicman/image/main/img/202206101039622.png)

如果想增加字段，直接点击+号，录入字段信息，然后点击Execute即可。

如果想删除字段，直接点击-号，就可以删除字段，然后点击Execute即可。如果想修改字段，双击对应的字段，修改字段信息，然后点击Execute即可。如果要修改表名，或表的注释，直接在输入框修改，然后点击Execute即可。 



6). 在DataGrip中执行SQL语句

在指定的数据库上，右键，选择 New \--\> Query Console

![image-20220610103920435](https://pic1.xuehuaimg.com/proxy/raw.githubusercontent.com/isicman/image/main/img/202206101039098.png)

然后就可以在打开的Query Console控制台，并在控制台中编写SQL，执行SQL。

![image-20220610103945375](https://pic1.xuehuaimg.com/proxy/raw.githubusercontent.com/isicman/image/main/img/202206101039886.png)



## DML 

DML英文全称是Data Manipulation Language(数据操作语言)，用来对数据库中表的数据记录进行增、删、改操作。

> 添加数据`（INSERT）`修改数据`（UPDATE）`删除数据`（DELETE）`



### 添加数据 

**1). 给指定字段添加数据**

```sql
INSERT INTO 表名(字段名1,字段名2，...) VALUES(值1，值2，...);
```



案例: 给employee表所有的字段添加数据 ；

```sql
MariaDB [test]> insert into emp(id,workno,name,gender,age,idcard,entrydate) values(1,'1','itest','男','10','123456789012345678','2022-05-20');
```



插入数据完成之后，我们有两种方式，查询数据库的数据：

A.  方式一

在左侧的表名上双击，就可以查看这张表的数据。

![image-20220610105919840](https://pic1.xuehuaimg.com/proxy/raw.githubusercontent.com/isicman/image/main/img/202206101059343.png)

B.  方式二

可以直接一条查询数据的SQL语句, 语句如下:

```sql
select * from emp;
```



查询如下:

```sql
MariaDB [test]> select * from employee;
+------+--------+-------+--------+------+--------------------+------------+
| id   | workno | name  | gender | age  | idcard             | entrydate  |
+------+--------+-------+--------+------+--------------------+------------+
|    1 | 1      | itest | 男     |   10 | 123456789012345678 | 2022-05-20 |
+------+--------+-------+--------+------+--------------------+------------+
1 row in set (0.000 sec)
```



**2). 给全部字段添加数据**

```sql
INSERT INTO 表名 VALUES(值1，值2，...);
```



案例：插入数据到employee表，具体的SQL如下：

```sql
MariaDB [test]> insert into employee values(2,'2','张无忌','男',18,'123456789012345678','2005-08-10');
Query OK, 1 row affected (0.001 sec)

MariaDB [test]> select * from employee;
+------+--------+-----------+--------+------+--------------------+------------+
| id   | workno | name      | gender | age  | idcard             | entrydate  |
+------+--------+-----------+--------+------+--------------------+------------+
|    1 | 1      | itest     | 男     |   10 | 123456789012345678 | 2022-05-20 |
|    2 | 2      | 张无忌    | 男     |   18 | 123456789012345678 | 2005-08-10 |
+------+--------+-----------+--------+------+--------------------+------------+
2 rows in set (0.000 sec)
```



**3). 批量添加数据**

```sql
INSERT INTO 表名（字段名1，字段名2，...） VALUES（值1，值2，...),(值1，值2，...),(值1，值2，...);
```

```sql
INSERT INTO 表名 VALUES（值1，值2，...),(值1，值2，...),(值1，值2，...);
```



案例：批量插入数据到employee表，具体的SQL如下：

> 注意事项:

-   插入数据时，指定的字段顺序需要与值的顺序是一一对应的。

-   字符串和日期型数据应该包含在引号中。

-   插入的数据大小，应该在字段的规定范围内。

```sql
MariaDB [test]> insert into employee values(3,'3','周一','男',18,'123456789012345678','2005-08-11'),(4,'4','周停','女',20,'123456789012345678','2005-08-11');
Query OK, 2 rows affected (0.001 sec)
Records: 2  Duplicates: 0  Warnings: 0

MariaDB [test]> select * from employee;
+------+--------+-----------+--------+------+--------------------+------------+
| id   | workno | name      | gender | age  | idcard             | entrydate  |
+------+--------+-----------+--------+------+--------------------+------------+
|    1 | 1      | itest     | 男     |   10 | 123456789012345678 | 2022-05-20 |
|    2 | 2      | 张无忌    | 男     |   18 | 123456789012345678 | 2005-08-10 |
|    3 | 3      | 周一      | 男     |   18 | 123456789012345678 | 2005-08-11 |
|    4 | 4      | 周停      | 女     |   20 | 123456789012345678 | 2005-08-11 |
+------+--------+-----------+--------+------+--------------------+------------+
4 rows in set (0.000 sec)
```



### 修改数据 

修改数据的具体语法为:

```sql
UPDATE 表名 SET 字段名1=值1，字段名2=值2，... [WHERE 条件]; 
```

案例:

A.  修改id为1的数据，将name修改为itheima

B.  修改id为1的数据, 将name修改为小昭, gender修改为 女

C.  将所有的员工入职日期修改为 2008-01-01

```sql
MariaDB [test]> select * from employee;
+------+--------+-----------+--------+------+--------------------+------------+
| id   | workno | name      | gender | age  | idcard             | entrydate  |
+------+--------+-----------+--------+------+--------------------+------------+
|    1 | 1      | itest     | 男     |   10 | 123456789012345678 | 2022-05-20 |
|    2 | 2      | 张无忌    | 男     |   18 | 123456789012345678 | 2005-08-10 |
|    3 | 3      | 周一      | 男     |   18 | 123456789012345678 | 2005-08-11 |
|    4 | 4      | 周停      | 女     |   20 | 123456789012345678 | 2005-08-11 |
+------+--------+-----------+--------+------+--------------------+------------+
4 rows in set (0.000 sec)

MariaDB [test]> update employee set name = 'itheima' where id = 1;
Query OK, 1 row affected (0.001 sec)
Rows matched: 1  Changed: 1  Warnings: 0

MariaDB [test]> update employee set name = '小爱',gender = '女' where id = 3;
Query OK, 1 row affected (0.001 sec)
Rows matched: 1  Changed: 1  Warnings: 0

MariaDB [test]> update employee set entrydate = '2022-06-10';
Query OK, 4 rows affected (0.001 sec)
Rows matched: 4  Changed: 4  Warnings: 0

MariaDB [test]> select * from employee;
+------+--------+-----------+--------+------+--------------------+------------+
| id   | workno | name      | gender | age  | idcard             | entrydate  |
+------+--------+-----------+--------+------+--------------------+------------+
|    1 | 1      | itheima   | 男     |   10 | 123456789012345678 | 2022-06-10 |
|    2 | 2      | 张无忌    | 男     |   18 | 123456789012345678 | 2022-06-10 |
|    3 | 3      | 小爱      | 女     |   18 | 123456789012345678 | 2022-06-10 |
|    4 | 4      | 周停      | 女     |   20 | 123456789012345678 | 2022-06-10 |
+------+--------+-----------+--------+------+--------------------+------------+
4 rows in set (0.000 sec)
```

> 注意事项:
>
> 修改语句的条件可以有，也可以没有，如果没有条件，则会修改整张表的所有数据。



### 删除数据 

删除数据的具体语法为：

```sql
DELETE FROM 表名 [WHERE 条件];
```

案例:

A.  删除gender为女的员工

B.  删除所有员工

```sql
MariaDB [test]> delete from employee where gender = '女';
Query OK, 2 rows affected (0.001 sec)

MariaDB [test]> select * from employee;
+------+--------+-----------+--------+------+--------------------+------------+
| id   | workno | name      | gender | age  | idcard             | entrydate  |
+------+--------+-----------+--------+------+--------------------+------------+
|    1 | 1      | itheima   | 男     |   10 | 123456789012345678 | 2022-06-10 |
|    2 | 2      | 张无忌    | 男     |   18 | 123456789012345678 | 2022-06-10 |
+------+--------+-----------+--------+------+--------------------+------------+
2 rows in set (0.000 sec)

MariaDB [test]> delete from employee;
Query OK, 2 rows affected (0.023 sec)
```

> 注意事项：
>
> •  DELETE 语句的条件可以有，也可以没有，如果没有条件，则会删除整张表的所有数据。
>
> •  DELETE 语句不能删除某一个字段的值(可以使用UPDATE，将该字段值置为NULL即
>
> 可)。
>
> •  当进行删除全部数据操作时，datagrip会提示我们，询问是否确认删除，我们直接点击
>
> Execute即可。



## DQL 

DQL英文全称是Data Query Language(数据查询语言)，数据查询语言，用来查询数据库中表的记录。

查询关键字: SELECT

在一个正常的业务系统中，查询操作的频次是要远高于增删改的，当我们去访问企业官网、电商网站，在这些网站中我们所看到的数据，实际都是需要从数据库中查询并展示的。而且在查询的过程中，可能还会涉及到条件、排序、分页等操作。

![image-20220610132225169](https://pic1.xuehuaimg.com/proxy/raw.githubusercontent.com/isicman/image/main/img/202206101322694.png)



环境准备：

```sql
drop table if exists employee;

create table emp(
	id int comment '编号',
	workno varchar(10) comment '工号',
	name varchar(10) comment '姓名',
	gender char(1) comment '性别',
	age tinyint unsigned comment '年龄',
	idcard char(18) comment '身份证号',
	workaddress varchar(50) comment '工作地址',
	entrydate date comment '入职时间'
)comment '员工表';

INSERT INTO emp (id, workno, name, gender, age, idcard, workaddress, entrydate) VALUES (1, '00001', '柳岩666', '女', 20, '123456789012345678', '北京', '2000-01-01');
INSERT INTO emp (id, workno, name, gender, age, idcard, workaddress, entrydate) VALUES (2, '00002', '张无忌', '男', 18, '123456789012345670', '北京', '2005-09-01');
INSERT INTO emp (id, workno, name, gender, age, idcard, workaddress, entrydate) VALUES (3, '00003', '韦一笑', '男', 38, '123456789712345670', '上海', '2005-08-01');
INSERT INTO emp (id, workno, name, gender, age, idcard, workaddress, entrydate) VALUES (4, '00004', '赵敏', '女', 18, '123456757123845670', '北京', '2009-12-01');
INSERT INTO emp (id, workno, name, gender, age, idcard, workaddress, entrydate) VALUES (5, '00005', '小昭', '女', 16, '123456769012345678', '上海', '2007-07-01');
INSERT INTO emp (id, workno, name, gender, age, idcard, workaddress, entrydate) VALUES (6, '00006', '杨逍', '男', 28, '12345678931234567X', '北京', '2006-01-01');
INSERT INTO emp (id, workno, name, gender, age, idcard, workaddress, entrydate) VALUES (7, '00007', '范瑶', '男', 40, '123456789212345670', '北京', '2005-05-01');
INSERT INTO emp (id, workno, name, gender, age, idcard, workaddress, entrydate) VALUES (8, '00008', '黛绮丝', '女', 38, '123456157123645670', '天津', '2015-05-01');
INSERT INTO emp (id, workno, name, gender, age, idcard, workaddress, entrydate) VALUES (9, '00009', '范凉凉', '女', 45, '123156789012345678', '北京', '2010-04-01');
INSERT INTO emp (id, workno, name, gender, age, idcard, workaddress, entrydate) VALUES (10, '00010', '陈友谅', '男', 53, '123456789012345670', '上海', '2011-01-01');
INSERT INTO emp (id, workno, name, gender, age, idcard, workaddress, entrydate) VALUES (11, '00011', '张士诚', '男', 55, '123567897123465670', '江苏', '2015-05-01');
INSERT INTO emp (id, workno, name, gender, age, idcard, workaddress, entrydate) VALUES (12, '00012', '常遇春', '男', 32, '123446757152345670', '北京', '2004-02-01');
INSERT INTO emp (id, workno, name, gender, age, idcard, workaddress, entrydate) VALUES (13, '00013', '张三丰', '男', 88, '123656789012345678', '江苏', '2020-11-01');
INSERT INTO emp (id, workno, name, gender, age, idcard, workaddress, entrydate) VALUES (14, '00014', '灭绝', '女', 65, '123456719012345670', '西安', '2019-05-01');
INSERT INTO emp (id, workno, name, gender, age, idcard, workaddress, entrydate) VALUES (15, '00015', '胡青牛', '男', 70, '12345674971234567X', '西安', '2018-04-01');
INSERT INTO emp (id, workno, name, gender, age, idcard, workaddress, entrydate) VALUES (16, '00016', '周芷若', '女', 18, null, '北京', '2012-06-01');
```



### 基本语法 

DQL 查询语句，语法结构如下：

```sql
SELECT 
	字段列表
FROM
	表名列表
WHERE
	条件列表
GROUP BY
	分组列表
HAVING
	分组后条件列表
ORDER BY
	排序字段列表
LIMIT
	分页参数
```

我们在讲解这部分内容的时候，会将上面的完整语法进行拆分，分为以下几个部分：

- `基本查询`（不带任何条件）条件查询（WHERE）
- `聚合函数`（count、max、min、avg、sum）
- `分组查询`（group by）
- `排序查询`（order by）
- `分页查询`（limit）



### 基础查询 

在基本查询的DQL语句中，不带任何的查询条件，查询的语法如下：

**1). 查询多个字段**

```sql
SElECT 字段1，字段2，字段3,... FROM 表名;

SELECT * FROM 表名;
```

> 注意 : \* 号代表查询所有字段，在实际开发中尽量少用（不直观、影响效率）。



**2). 字段设置别名**

```sql
SELECT 字段1 [AS 别名1],字段2 [AS 别名2]，... FROM 表名;
SELECT 字段1 [别名1],字段2 [别名2]，... FROM 表名;
```



**3). 去除重复记录**

```sql
SELECT DISTINCT 字段列表 FROM 表名;
```



案例：

A.  查询指定字段 name, workno, age并返回

```sql
MariaDB [test]> select name,workno,age from emp;
+-----------+--------+------+
| name      | workno | age  |
+-----------+--------+------+
| 柳岩666   | 00001  |   20 |
| 张无忌    | 00002  |   18 |
| 韦一笑    | 00003  |   38 |
| 赵敏      | 00004  |   18 |
| 小昭      | 00005  |   16 |
| 杨逍      | 00006  |   28 |
| 范瑶      | 00007  |   40 |
| 黛绮丝    | 00008  |   38 |
| 范凉凉    | 00009  |   45 |
| 陈友谅    | 00010  |   53 |
| 张士诚    | 00011  |   55 |
| 常遇春    | 00012  |   32 |
| 张三丰    | 00013  |   88 |
| 灭绝      | 00014  |   65 |
| 胡青牛    | 00015  |   70 |
| 周芷若    | 00016  |   18 |
+-----------+--------+------+
16 rows in set (0.000 sec)
```



B.  查询返回所有字段

```sql
MariaDB [test]> select * from emp;
+------+--------+-----------+--------+------+--------------------+-------------+------------+
| id   | workno | name      | gender | age  | idcard             | workaddress | entrydate  |
+------+--------+-----------+--------+------+--------------------+-------------+------------+
|    1 | 00001  | 柳岩666   | 女     |   20 | 123456789012345678 | 北京        | 2000-01-01 |
|    2 | 00002  | 张无忌    | 男     |   18 | 123456789012345670 | 北京        | 2005-09-01 |
|    3 | 00003  | 韦一笑    | 男     |   38 | 123456789712345670 | 上海        | 2005-08-01 |
|    4 | 00004  | 赵敏      | 女     |   18 | 123456757123845670 | 北京        | 2009-12-01 |
|    5 | 00005  | 小昭      | 女     |   16 | 123456769012345678 | 上海        | 2007-07-01 |
|    6 | 00006  | 杨逍      | 男     |   28 | 12345678931234567X | 北京        | 2006-01-01 |
|    7 | 00007  | 范瑶      | 男     |   40 | 123456789212345670 | 北京        | 2005-05-01 |
|    8 | 00008  | 黛绮丝    | 女     |   38 | 123456157123645670 | 天津        | 2015-05-01 |
|    9 | 00009  | 范凉凉    | 女     |   45 | 123156789012345678 | 北京        | 2010-04-01 |
|   10 | 00010  | 陈友谅    | 男     |   53 | 123456789012345670 | 上海        | 2011-01-01 |
|   11 | 00011  | 张士诚    | 男     |   55 | 123567897123465670 | 江苏        | 2015-05-01 |
|   12 | 00012  | 常遇春    | 男     |   32 | 123446757152345670 | 北京        | 2004-02-01 |
|   13 | 00013  | 张三丰    | 男     |   88 | 123656789012345678 | 江苏        | 2020-11-01 |
|   14 | 00014  | 灭绝      | 女     |   65 | 123456719012345670 | 西安        | 2019-05-01 |
|   15 | 00015  | 胡青牛    | 男     |   70 | 12345674971234567X | 西安        | 2018-04-01 |
|   16 | 00016  | 周芷若    | 女     |   18 | NULL               | 北京        | 2012-06-01 |
+------+--------+-----------+--------+------+--------------------+-------------+------------+
16 rows in set (0.000 sec)
```



C.  查询所有员工的工作地址,起别名

```sql
MariaDB [test]> select workaddress as '工作地址' from emp;
+--------------+
| 工作地址     |
+--------------+
| 北京         |
| 北京         |
| 上海         |
| 北京         |
| 上海         |
| 北京         |
| 北京         |
| 天津         |
| 北京         |
| 上海         |
| 江苏         |
| 北京         |
| 江苏         |
| 西安         |
| 西安         |
| 北京         |
+--------------+
16 rows in set (0.000 sec)

MariaDB [test]> select workaddress '工作地址' from emp;
```



D.  查询公司员工的上班地址有哪些(不要重复)

```sql
MariaDB [test]> select distinct workaddress '工作地址' from emp;
+--------------+
| 工作地址     |
+--------------+
| 北京         |
| 上海         |
| 天津         |
| 江苏         |
| 西安         |
+--------------+
5 rows in set (0.000 sec)
```



### 条件查询 

**1). 语法**

```sql
SELECT 字段列表 FROM 表名 WHERE 条件列表;
```



**2). 条件**

常用的比较运算符如下:

| **比较运算符**       | **功能**                                  |
| -------------------- | ----------------------------------------- |
| >                    | 大于                                      |
| >=                   | 大于等于                                  |
| <                    | 小于                                      |
| <=                   | 小于等于                                  |
| =                    | 等于                                      |
| <>  或 !=            | 不等于                                    |
| BETWEEN  ... AND ... | 在某个范围之内(含  小、 大值)             |
| IN(...)              | 在in之后的列表中的值，多选一              |
| LIKE 占位符          | 模糊匹配(_匹配单个字符,  %匹配任意个字符) |
| IS  NULL             | 是NULL                                    |

常用的逻辑运算符如下:

| **逻辑运算符** | 功能                        |
| -------------- | --------------------------- |
| AND 或  &&     | 并且 (多个条件同时成立)     |
| OR 或  \|\|    | 或者 (多个条件任意一个成立) |
| NOT 或  !      | 非 , 不是                   |

案例:

A.  查询年龄等于 88 的员工

```sql
MariaDB [test]> select * from emp where age = 88;
```

B.  查询没有身份证号的员工信息

```sql
MariaDB [test]> select * from emp where idcard is null;
```

C.  查询有身份证号的员工信息

```sql
MariaDB [test]> select * from emp where idcard is not null;
```

D.  查询年龄不等于 88 的员工信息

```sql
MariaDB [test]> select * from emp where age != 88;
```

E.  查询年龄在15岁(包含) 到 20岁(包含)之间的员工信息

```sql
MariaDB [test]> select * from emp where age between 15 and 20;
```

F.  查询性别为 女 且年龄小于 25岁的员工信息

```sql
MariaDB [test]> select * from emp where gender = '女' and age <25 ;
```

G.  查询年龄等于18 或 20 或 40 的员工信息

```sql
MariaDB [test]> select * from emp where age = 18 || age = 20 || age = 40;
MariaDB [test]> select * from emp where age in(20,40,80);
```

H.  查询姓名为两个字的员工信息 \_ %

```sql
MariaDB [test]> select * from emp where name like '__';
```

I.  查询身份证号 后一位是X的员工信息

```sql
MariaDB [test]> select * from emp where idcard like '%X';
```



### 聚合函数 

1). 介绍

将一列数据作为一个整体，进行纵向计算 。



2). 常见的聚合函数

| **函数** | **功能** |
| -------- | -------- |
| count    | 统计数量 |
| max      | 大值     |
| min      | 小值     |
| avg      | 平均值   |
| sum      | 求和     |



3). 语法

```sql
SELECT 聚合函数（字段列表）FROM 表名;
```

> 注意 : NULL值是不参与所有聚合函数运算的。



案例：

A.  统计该企业员工数量

```sql
MariaDB [test]> select count(*) from emp;
+----------+
| count(*) |
+----------+
|       16 |
+----------+
1 row in set (0.000 sec)

MariaDB [test]> select count(idcard) from emp;
+---------------+
| count(idcard) |
+---------------+
|            15 |
+---------------+
1 row in set (0.000 sec)
```

对于count聚合函数，统计符合条件的总记录数，还可以通过 count(数字/字符串)的形式进行统计查询，比如：

```sql
select count(1) from emp;
```

> 对于count(\*) 、count(字段)、 count(1) 的具体原理，我们在进阶篇中SQL优化部分会详细讲解，此处大家只需要知道如何使用即可。

B.  统计该企业员工的平均年龄

> 统计该企业员工的 大年龄

```sql
MariaDB [test]> select  avg(age) from emp;
+----------+
| avg(age) |
+----------+
|  40.1250 |
+----------+
1 row in set (0.000 sec)
```

D.  统计该企业员工的 小年龄

```sql
MariaDB [test]> select  min(age) from emp;
+----------+
| max(age) |
+----------+
|       88 |
+----------+
1 row in set (0.000 sec)
```

E.  统计西安地区员工的年龄之和

```sql
MariaDB [test]> select sum(age) from emp where workaddress = '西安';
+----------+
| sum(age) |
+----------+
|      135 |
+----------+
1 row in set (0.000 sec)
```



### 分组查询 

1). 语法

```sql
SELECT 字段列表 FROM 表名 [WHERE 条件] GROUP BY 分组字段名 [HAVING 分组后过滤条件];
```



2). where与having区别

`执行时机不同`：where是分组之前进行过滤，不满足where条件，不参与分组；而having是分组之后对结果进行过滤。

`判断条件不同`：where不能对聚合函数进行判断，而having可以。

注意事项:

-   分组之后，查询的字段一般为聚合函数和分组字段，查询其他字段无任何意义。

-   执行顺序: where \> 聚合函数 \> having 。

-   支持多字段分组, 具体语法为 : group by columnA,columnB



案例:

A.  根据性别分组 , 统计男性员工 和 女性员工的数量

```sql
MariaDB [test]> select gender,count(*) from emp group by gender;
+--------+----------+
| gender | count(*) |
+--------+----------+
| 女     |        7 |
| 男     |        9 |
+--------+----------+
2 rows in set (0.000 sec)
```

B.  根据性别分组 , 统计男性员工 和 女性员工的平均年龄

```sql
MariaDB [test]> select gender,avg(age) from emp group by gender;
+--------+----------+
| gender | avg(age) |
+--------+----------+
| 女     |  31.4286 |
| 男     |  46.8889 |
+--------+----------+
2 rows in set (0.000 sec)
```

C.查询年龄小于45的员工 , 并根据工作地址分组 , 获取员工数量大于等于3的工作地址

```sql
// 这里的address_count是分组别名

MariaDB [test]> select workaddress,count(*) address_count from emp where age < 45 group by workaddress having address_count >= 3;
+-------------+---------------+
| workaddress | address_count |
+-------------+---------------+
| 北京        |             7 |
+-------------+---------------+
1 row in set (0.000 sec)
```

D. 统计各个工作地址上班的男性及女性员工的数量

```sql
MariaDB [test]> select workaddress,gender,count(*) '数量' from emp group by gender,workaddress;
+-------------+--------+--------+
| workaddress | gender | 数量   |
+-------------+--------+--------+
| 上海        | 女     |      1 |
| 北京        | 女     |      4 |
| 天津        | 女     |      1 |
| 西安        | 女     |      1 |
| 上海        | 男     |      2 |
| 北京        | 男     |      4 |
| 江苏        | 男     |      2 |
| 西安        | 男     |      1 |
+-------------+--------+--------+
8 rows in set (0.000 sec)
```



### 排序查询 

排序在日常开发中是非常常见的一个操作，有升序排序，也有降序排序。

![image-20220610145415734](https://pic1.xuehuaimg.com/proxy/raw.githubusercontent.com/isicman/image/main/img/202206101454140.png)

1). 语法

```sql
SELECT 字段列表 FROM 表名 ORDER BY 字段1 排序方式，字段2 排序方式2
```

2). 排序方式

- ASC : 升序(默认值)

- DESC: 降序


> 注意事项：
>
> -   如果是升序, 可以不指定排序方式ASC ;
>
> -   如果是多字段排序，当第一个字段值相同时，才会根据第二个字段进行排序 ;



案例:

A.  根据年龄对公司的员工进行升序排序

```sql
MariaDB [test]> select * from emp order by age asc;
```

B.  根据入职时间, 对员工进行降序排序

```sql
MariaDB [test]> select * from emp order by entrydate desc;
```

C.  根据年龄对公司的员工进行升序排序 , 年龄相同 , 再按照入职时间进行降序排序

```sql
MariaDB [test]> select * from emp order by age asc,entrydate desc;
```



### 分页查询 

分页操作在业务系统开发时，也是非常常见的一个功能，我们在网站中看到的各种各样的分页条，后台都需要借助于数据库的分页操作。

![image-20220610212341086](https://pic1.xuehuaimg.com/proxy/raw.githubusercontent.com/isicman/image/main/img/202206102123289.png)

1). 语法

```sql
SELECT 字段列表 FROM 表名 LIMIT 起始索引,查询记录数;
```

注意事项:

-   起始索引从0开始，起始索引 = （查询页码 - 1）\* 每页显示记录数。

-   分页查询是数据库的方言，不同的数据库有不同的实现，MySQL中是LIMIT。

-   如果查询的是第一页数据，起始索引可以省略，直接简写为 limit 10。



案例:

A.  查询第1页员工数据, 每页展示10条记录

```sql
MariaDB [test]> select * from emp limit 0,10;
```

B.  查询第2页员工数据, 每页展示10条记录 \-\-\-\-\-\-\--\> (页码-1)\*页展示记录数

```sql
MariaDB [test]> select * from emp limit 10,10;
```



### 案例 

1). 查询年龄为20,21,22,23岁的员工信息。

```sql
MariaDB [test]> select * from emp where age in(20,21,22,23);
+------+--------+-----------+--------+------+--------------------+-------------+------------+
| id   | workno | name      | gender | age  | idcard             | workaddress | entrydate  |
+------+--------+-----------+--------+------+--------------------+-------------+------------+
|    1 | 00001  | 柳岩666   | 女     |   20 | 123456789012345678 | 北京        | 2000-01-01 |
+------+--------+-----------+--------+------+--------------------+-------------+------------+
1 row in set (0.000 sec)
```

2). 查询性别为 男 ，并且年龄在 20-40 岁(含)以内的姓名为三个字的员工。

```sql
MariaDB [test]> select * from emp where gender = '男' and (age between 20 and 40) and name like '___';
+------+--------+-----------+--------+------+--------------------+-------------+------------+
| id   | workno | name      | gender | age  | idcard             | workaddress | entrydate  |
+------+--------+-----------+--------+------+--------------------+-------------+------------+
|    3 | 00003  | 韦一笑    | 男     |   38 | 123456789712345670 | 上海        | 2005-08-01 |
|   12 | 00012  | 常遇春    | 男     |   32 | 123446757152345670 | 北京        | 2004-02-01 |
+------+--------+-----------+--------+------+--------------------+-------------+------------+
2 rows in set (0.000 sec)
```

3). 统计员工表中, 年龄小于60岁的 , 男性员工和女性员工的人数。

```sql
MariaDB [test]> select gender,count(*)  from emp where age < 60 group by gender;
+--------+----------+
| gender | count(*) |
+--------+----------+
| 女     |        6 |
| 男     |        7 |
+--------+----------+
2 rows in set (0.000 sec)
```

4). 查询所有年龄小于等于35岁员工的姓名和年龄，并对查询结果按年龄升序排序，如果年龄相同按入职时间降序排序。

```sql
MariaDB [test]> select name,age from emp where age <= 35 order by age asc,entrydate desc;
+-----------+------+
| name      | age  |
+-----------+------+
| 小昭      |   16 |
| 周芷若    |   18 |
| 赵敏      |   18 |
| 张无忌    |   18 |
| 柳岩666   |   20 |
| 杨逍      |   28 |
| 常遇春    |   32 |
+-----------+------+
7 rows in set (0.000 sec)
```

5). 查询性别为男，且年龄在20-40 岁(含)以内的前5个员工信息，对查询的结果按年龄升序排序，年龄相同按入职时间升序排序。

```sql
MariaDB [test]> select * from emp where gender = '男' and (age between 20 and 40) order by age asc,entrydate asc limit 5; 
+------+--------+-----------+--------+------+--------------------+-------------+------------+
| id   | workno | name      | gender | age  | idcard             | workaddress | entrydate  |
+------+--------+-----------+--------+------+--------------------+-------------+------------+
|    6 | 00006  | 杨逍      | 男     |   28 | 12345678931234567X | 北京        | 2006-01-01 |
|   12 | 00012  | 常遇春    | 男     |   32 | 123446757152345670 | 北京        | 2004-02-01 |
|    3 | 00003  | 韦一笑    | 男     |   38 | 123456789712345670 | 上海        | 2005-08-01 |
|    7 | 00007  | 范瑶      | 男     |   40 | 123456789212345670 | 北京        | 2005-05-01 |
+------+--------+-----------+--------+------+--------------------+-------------+------------+
4 rows in set (0.000 sec)
```



### 执行顺序 

在讲解DQL语句的具体语法之前，我们已经讲解了DQL语句的完整语法，及编写顺序，接下来，我们要来说明的是DQL语句在执行时的执行顺序，也就是先执行那一部分，后执行那一部分。

![image-20220610214903419](https://pic1.xuehuaimg.com/proxy/raw.githubusercontent.com/isicman/image/main/img/202206102158289.png)

验证：查询年龄大于15的员工姓名、年龄，并根据年龄进行升序排序。

```sql
MariaDB [test]> select name,age  from emp where age > 15 order by age asc;
```



在查询时，我们给emp表起一个别名 e，然后在select 及 where中使用该别名。

```sql
MariaDB [test]> select e.name,e.age from emp e where e.age > 15 order by age asc;
```



执行上述SQL语句后，我们看到依然可以正常的查询到结果，此时就说明： from 先执行, 然后 where 和 select 执行。那 where 和 select 到底哪个先执行呢?

此时，此时我们可以给select后面的字段起别名，然后在 where 中使用这个别名，然后看看是否可以执行成功。

```sql
MariaDB [test]> select e.name ename,e.age eage from emp e where eage > 15 order by age asc;
```

执行上述SQL报错了:

![image-20220610221552894](https://pic1.xuehuaimg.com/proxy/raw.githubusercontent.com/isicman/image/main/img/202206102215361.png)



由此我们可以得出结论: from 先执行，然后执行 where ， 再执行select 。

接下来，我们再执行如下SQL语句，查看执行效果：

```sql
MariaDB [test]> select e.name ename,e.age eage from emp e where e.age > 15 order by age asc;
```

结果执行成功。 那么也就验证了: order by 是在select 语句之后执行的。

综上所述，我们可以看到DQL语句的执行顺序为： 

**`from ... where ... group by ... having ... select ... order by ... limit ...`**



## DCL 

DCL英文全称是**Data Control Language**(数据控制语言)，用来管理数据库用户、控制数据库的访问权限。

![image-20220610221824017](https://pic1.xuehuaimg.com/proxy/raw.githubusercontent.com/isicman/image/main/img/202206102219338.png)

### 管理用户 

1). 查询用户

```sql
USE mysql;
SELECT * FROM user;
```

查询的结果如下:

![image-20220610221834811](https://pic1.xuehuaimg.com/proxy/raw.githubusercontent.com/isicman/image/main/img/202206102219899.png)

其中 Host代表当前用户访问的主机, 如果为localhost, 仅代表只能够在当前本机访问，是不可以远程访问的。 User代表的是访问该数据库的用户名。在MySQL中需要通过Host和User来唯一标识一个用户。

2). 创建用户

```sql
CREATE USER '用户名'@'主机名' IDENTIFIED BY '密码';
```

3). 修改用户密码

```sql
ALTER USER '用户名'@'主机名' IDENTIFIED WITH mysql_native_password BY '新密码';
```

4). 删除用户

```sql
DROP USER '用户名'@'主机名';
```



注意事项:

-   在MySQL中需要通过用户名@主机名的方式，来唯一标识一个用户。

-   主机名可以使用 % 通配。

-   这类SQL开发人员操作的比较少，主要是DBA（ Database Administrator 数据库管理员）使用。



案例：

A.  创建用户itcast, 只能够在当前主机localhost访问, 密码123456;

```sql
MariaDB [mysql]> create user 'itcast'@'localhost' identified by '123456';
Query OK, 0 rows affected (0.000 sec)

MariaDB [mysql]> exit
Bye
[root@localhost ~]# mysql -uitcast -p123456
Welcome to the MariaDB monitor.  Commands end with ; or \g.
Your MariaDB connection id is 23
Server version: 10.3.23-MariaDB MariaDB Server

Copyright (c) 2000, 2018, Oracle, MariaDB Corporation Ab and others.

Type 'help;' or '\h' for help. Type '\c' to clear the current input statement.

MariaDB [(none)]>
```



B.  创建用户heima, 可以在任意主机访问该数据库, 密码123456;

```sql
MariaDB [(none)]> create user 'heima'@'%' identified by '123456';
Query OK, 0 rows affected (0.000 sec)
```



C.  修改用户heima的访问密码为1234;

```sql
MariaDB [(none)]> alter user 'heima'@'%' identified with mysql_native_password by '000000';
Query OK, 0 rows affected (0.000 sec)
```



D.  删除 itcast@localhost 用户

```sql
MariaDB [(none)]> drop user 'heima'@'%';
Query OK, 0 rows affected (0.000 sec)
```



### 权限控制 

MySQL中定义了很多种权限，但是常用的就以下几种：

| **权限**             | **说明**           |
| -------------------- | ------------------ |
| ALL,  ALL PRIVILEGES | 所有权限           |
| SELECT               | 查询数据           |
| INSERT               | 插入数据           |
| UPDATE               | 修改数据           |
| DELETE               | 删除数据           |
| ALTER                | 修改表             |
| DROP                 | 删除数据库/表/视图 |
| CREATE               | 创建数据库/表      |

上述只是简单罗列了常见的几种权限描述，其他权限描述及含义，可以直接参考[**官方文档**。](https://dev.mysql.com/doc/refman/8.0/en/privileges-provided.html)

1). 查询权限

```sql
SHOW GRANTS FOR '用户名'@'主机名';
```

2). 授予权限

```sql
GRANT 权限列表 ON 数据库名.表名 TO '用户名'@'主机名';
```

3). 撤销权限

```sql
REVOKE 权限列表 ON 数据库名.表名 FROM '用户名'@'主机名';
```



注意事项：

-   多个权限之间，使用逗号分隔

-   授权时， 数据库名和表名可以使用 \* 进行通配，代表所有。



案例:

A.  查询 \'heima\'@\'%\' 用户的权限

```sql
MariaDB [(none)]> show grants for 'heima'@'%';
+------------------------------------------------------------------------------------------------------+
| Grants for heima@%                                                                                   |
+------------------------------------------------------------------------------------------------------+
| GRANT USAGE ON *.* TO `heima`@`%` IDENTIFIED BY PASSWORD '*032197AE5731D4664921A6CCAC7CFCE6A0698693' |
+------------------------------------------------------------------------------------------------------+
1 row in set (0.000 sec)
```



B.  授予 \'heima\'@\'%\' 用户itcast数据库所有表的所有操作权限

```sql
MariaDB [(none)]> grant all on itcast.* to 'heima'@'%';
Query OK, 0 rows affected (0.000 sec)

MariaDB [(none)]> show grants for 'heima'@'%';
+------------------------------------------------------------------------------------------------------+
| Grants for heima@%                                                                                   |
+------------------------------------------------------------------------------------------------------+
| GRANT USAGE ON *.* TO `heima`@`%` IDENTIFIED BY PASSWORD '*032197AE5731D4664921A6CCAC7CFCE6A0698693' |
| GRANT ALL PRIVILEGES ON `itcast`.* TO `heima`@`%`                                                    |
+------------------------------------------------------------------------------------------------------+
2 rows in set (0.000 sec)
```



C.  撤销 \'heima\'@\'%\' 用户的itcast数据库的所有权限

```sql
MariaDB [(none)]> revoke all on itcast.* from 'heima'@'%';
Query OK, 0 rows affected (0.000 sec)remo
```

